{"level":"info","message":"Jarvis TTS Agent started on port 4000","service":"tts-agent","timestamp":"2026-07-26T22:00:39.242Z"}
{"level":"info","message":"Incoming request: GET /health","service":"tts-agent","timestamp":"2026-07-26T22:00:42.179Z"}
{"level":"info","message":"Incoming request: POST /api/v1/tts/generate","service":"tts-agent","timestamp":"2026-07-26T22:01:42.831Z"}
{"level":"info","message":"Incoming request: GET /audio/c652d196-56a8-4faf-8b00-91f2f76685de.m4a","service":"tts-agent","timestamp":"2026-07-26T22:01:44.607Z"}
{"level":"info","message":"Incoming request: POST /api/v1/merge","service":"tts-agent","timestamp":"2026-07-26T22:04:01.389Z"}
{"audioUrl":"http://localhost:4000/audio/c9c64440-05c5-4fe2-aaff-fc8b5fa578c4.m4a","level":"info","message":"Downloading audio from URL","service":"tts-agent","timestamp":"2026-07-26T22:04:01.390Z"}
{"level":"info","message":"Incoming request: GET /audio/c9c64440-05c5-4fe2-aaff-fc8b5fa578c4.m4a","service":"tts-agent","timestamp":"2026-07-26T22:04:01.396Z"}
{"level":"info","message":"Incoming request: POST /api/v1/tts/generate","service":"tts-agent","timestamp":"2026-07-26T22:04:29.842Z"}
{"level":"info","message":"Incoming request: GET /audio/ba612da7-e97c-4f54-9406-3af8934a8163.m4a","service":"tts-agent","timestamp":"2026-07-26T22:04:30.546Z"}
{"level":"info","message":"Incoming request: POST /api/v1/merge","service":"tts-agent","timestamp":"2026-07-26T22:04:30.553Z"}
{"audioUrl":"http://localhost:4000/audio/ba612da7-e97c-4f54-9406-3af8934a8163.m4a","level":"info","message":"Downloading audio from URL","service":"tts-agent","timestamp":"2026-07-26T22:04:30.553Z"}
{"level":"info","message":"Incoming request: GET /audio/ba612da7-e97c-4f54-9406-3af8934a8163.m4a","service":"tts-agent","timestamp":"2026-07-26T22:04:30.554Z"}
{"level":"info","message":"Fetching Pixabay API","pixabayApiUrl":"https://pixabay.com/api/videos/?key=56870592-9cd9fcd9ccb8d5e123c67bd18&q=nature","service":"tts-agent","timestamp":"2026-07-26T22:04:30.556Z"}
{"directVideoUrl":"https://cdn.pixabay.com/video/2024/08/30/228847_medium.mp4","level":"info","message":"Downloading Pixabay video","service":"tts-agent","timestamp":"2026-07-26T22:04:30.977Z"}
{"level":"info","message":"Running ffmpeg merge","service":"tts-agent","timestamp":"2026-07-26T22:04:39.120Z"}
{"level":"warn","message":"ffmpeg stderr","service":"tts-agent","stderr":"ffmpeg version 8.1.2 Copyright (c) 2000-2026 the FFmpeg developers\n  built with Apple clang version 21.0.0 (clang-2100.0.123.102)\n  configuration: --prefix=/opt/homebrew/Cellar/ffmpeg/8.1.2_1 --enable-shared --enable-pthreads --enable-version3 --cc=clang --host-cflags= --host-ldflags= --enable-ffplay --enable-gpl --enable-libsvtav1 --enable-libopus --enable-libx264 --enable-libmp3lame --enable-libdav1d --enable-libvmaf --enable-libvpx --enable-libx265 --enable-openssl --enable-videotoolbox --ena","timestamp":"2026-07-26T22:04:44.736Z"}
{"level":"info","message":"Merge complete","service":"tts-agent","timestamp":"2026-07-26T22:04:44.761Z","videoUrl":"/merged/87fbedc7-0a79-4acc-9480-84ecb9d6c3cf.mp4"}
{"level":"info","message":"Incoming request: GET /merged/87fbedc7-0a79-4acc-9480-84ecb9d6c3cf.mp4","service":"tts-agent","timestamp":"2026-07-26T22:04:50.049Z"}
{"level":"info","message":"Incoming request: POST /api/v1/merge","service":"tts-agent","timestamp":"2026-07-26T22:05:02.573Z"}
{"audioUrl":"http://localhost:4000/audio/ba612da7-e97c-4f54-9406-3af8934a8163.m4a","level":"info","message":"Downloading audio from URL","service":"tts-agent","timestamp":"2026-07-26T22:05:02.574Z"}
{"level":"info","message":"Incoming request: GET /audio/ba612da7-e97c-4f54-9406-3af8934a8163.m4a","service":"tts-agent","timestamp":"2026-07-26T22:05:02.578Z"}
{"level":"info","message":"Fetching Pixabay API","pixabayApiUrl":"https://pixabay.com/api/videos/?key=56870592-9cd9fcd9ccb8d5e123c67bd18&q=nature","service":"tts-agent","timestamp":"2026-07-26T22:05:02.579Z"}
{"directVideoUrl":"https://cdn.pixabay.com/video/2024/08/30/228847_medium.mp4","level":"info","message":"Downloading Pixabay video","service":"tts-agent","timestamp":"2026-07-26T22:05:03.040Z"}
{"level":"info","message":"Running ffmpeg merge","service":"tts-agent","timestamp":"2026-07-26T22:05:10.375Z"}
{"level":"warn","message":"ffmpeg stderr","service":"tts-agent","stderr":"ffmpeg version 8.1.2 Copyright (c) 2000-2026 the FFmpeg developers\n  built with Apple clang version 21.0.0 (clang-2100.0.123.102)\n  configuration: --prefix=/opt/homebrew/Cellar/ffmpeg/8.1.2_1 --enable-shared --enable-pthreads --enable-version3 --cc=clang --host-cflags= --host-ldflags= --enable-ffplay --enable-gpl --enable-libsvtav1 --enable-libopus --enable-libx264 --enable-libmp3lame --enable-libdav1d --enable-libvmaf --enable-libvpx --enable-libx265 --enable-openssl --enable-videotoolbox --ena","timestamp":"2026-07-26T22:05:16.541Z"}
{"level":"info","message":"Merge complete","service":"tts-agent","timestamp":"2026-07-26T22:05:16.573Z","videoUrl":"/merged/b53b511b-eb49-4193-a90e-42afcfbb9356.mp4"}
{"level":"info","message":"Incoming request: GET /audio/ba612da7-e97c-4f54-9406-3af8934a8163.m4a","service":"tts-agent","timestamp":"2026-07-26T22:07:24.815Z"}
{"level":"info","message":"Incoming request: GET /audio/ba612da7-e97c-4f54-9406-3af8934a8163.m4a","service":"tts-agent","timestamp":"2026-07-26T22:07:24.968Z"}
{"level":"info","message":"Incoming request: GET /audio/ba612da7-e97c-4f54-9406-3af8934a8163.m4a","service":"tts-agent","timestamp":"2026-07-26T22:08:09.171Z"}
{"level":"info","message":"Incoming request: GET //api/media/merged/b53b511b-eb49-4193-a90e-42afcfbb9356.mp4","service":"tts-agent","timestamp":"2026-07-26T22:08:13.629Z"}
{"level":"info","message":"Incoming request: GET /api/media/merged/b53b511b-eb49-4193-a90e-42afcfbb9356.mp4","service":"tts-agent","timestamp":"2026-07-26T22:08:19.174Z"}
{"level":"info","message":"Incoming request: POST /api/v1/tts/generate","service":"tts-agent","timestamp":"2026-07-26T22:10:22.558Z"}
{"level":"info","message":"Incoming request: GET /audio/c6c1f8e8-3010-4711-a254-c188cf1d5deb.m4a","service":"tts-agent","timestamp":"2026-07-26T22:10:31.396Z"}
{"level":"info","message":"Incoming request: GET /audio/c6c1f8e8-3010-4711-a254-c188cf1d5deb.m4a","service":"tts-agent","timestamp":"2026-07-26T22:10:48.637Z"}
{"level":"info","message":"Incoming request: GET /merged/b53b511b-eb49-4193-a90e-42afcfbb9356.mp4","service":"tts-agent","timestamp":"2026-07-26T22:15:24.621Z"}
{"level":"info","message":"Incoming request: GET /audio/ba612da7-e97c-4f54-9406-3af8934a8163.m4a","service":"tts-agent","timestamp":"2026-07-26T22:15:25.079Z"}
{"level":"info","message":"Incoming request: POST /api/v1/tts/generate","service":"tts-agent","timestamp":"2026-07-26T22:21:53.518Z"}
{"level":"info","message":"Incoming request: GET /health","service":"tts-agent","timestamp":"2026-07-27T12:18:02.707Z"}
{"level":"info","message":"Incoming request: POST /api/v1/tts/generate","service":"tts-agent","timestamp":"2026-07-27T12:18:03.503Z"}
{"level":"info","message":"Incoming request: POST /api/v1/merge","service":"tts-agent","timestamp":"2026-07-27T12:18:10.592Z"}
{"level":"info","message":"Fetching Pixabay API","pixabayApiUrl":"https://pixabay.com/api/videos/?key=56870592-9cd9fcd9ccb8d5e123c67bd18&q=mobile+phone","service":"tts-agent","timestamp":"2026-07-27T12:18:10.594Z"}
{"directVideoUrl":"https://cdn.pixabay.com/video/2024/03/04/202987-919379330_medium.mp4","level":"info","message":"Downloading Pixabay video","service":"tts-agent","timestamp":"2026-07-27T12:18:11.509Z"}
{"level":"info","message":"Running ffmpeg merge","service":"tts-agent","timestamp":"2026-07-27T12:18:12.093Z"}
{"level":"warn","message":"ffmpeg stderr","service":"tts-agent","stderr":"ffmpeg version 8.1.2 Copyright (c) 2000-2026 the FFmpeg developers\n  built with Apple clang version 21.0.0 (clang-2100.0.123.102)\n  configuration: --prefix=/opt/homebrew/Cellar/ffmpeg/8.1.2_1 --enable-shared --enable-pthreads --enable-version3 --cc=clang --host-cflags= --host-ldflags= --enable-ffplay --enable-gpl --enable-libsvtav1 --enable-libopus --enable-libx264 --enable-libmp3lame --enable-libdav1d --enable-libvmaf --enable-libvpx --enable-libx265 --enable-openssl --enable-videotoolbox --ena","timestamp":"2026-07-27T12:18:13.890Z"}
{"level":"info","message":"Merge complete","service":"tts-agent","timestamp":"2026-07-27T12:18:13.892Z","videoUrl":"/merged/fee63afc-70ee-48ea-93a3-57f1207a6a30.mp4"}
{"level":"info","message":"Incoming request: POST /api/v1/tts/generate","service":"tts-agent","timestamp":"2026-07-27T12:18:54.054Z"}
{"level":"info","message":"Incoming request: POST /api/v1/merge","service":"tts-agent","timestamp":"2026-07-27T12:18:58.753Z"}
{"level":"info","message":"Fetching Pixabay API","pixabayApiUrl":"https://pixabay.com/api/videos/?key=56870592-9cd9fcd9ccb8d5e123c67bd18&q=mobile+phone","service":"tts-agent","timestamp":"2026-07-27T12:18:58.753Z"}
{"directVideoUrl":"https://cdn.pixabay.com/video/2024/03/04/202987-919379330_medium.mp4","level":"info","message":"Downloading Pixabay video","service":"tts-agent","timestamp":"2026-07-27T12:19:00.022Z"}
{"level":"info","message":"Running ffmpeg merge","service":"tts-agent","timestamp":"2026-07-27T12:19:00.601Z"}
{"level":"warn","message":"ffmpeg stderr","service":"tts-agent","stderr":"ffmpeg version 8.1.2 Copyright (c) 2000-2026 the FFmpeg developers\n  built with Apple clang version 21.0.0 (clang-2100.0.123.102)\n  configuration: --prefix=/opt/homebrew/Cellar/ffmpeg/8.1.2_1 --enable-shared --enable-pthreads --enable-version3 --cc=clang --host-cflags= --host-ldflags= --enable-ffplay --enable-gpl --enable-libsvtav1 --enable-libopus --enable-libx264 --enable-libmp3lame --enable-libdav1d --enable-libvmaf --enable-libvpx --enable-libx265 --enable-openssl --enable-videotoolbox --ena","timestamp":"2026-07-27T12:19:01.632Z"}
{"level":"info","message":"Merge complete","service":"tts-agent","timestamp":"2026-07-27T12:19:01.634Z","videoUrl":"/merged/9869bbe1-2e4b-46cd-8b33-d66073b0543f.mp4"}
{"level":"info","message":"Incoming request: POST /api/v1/merge","service":"tts-agent","timestamp":"2026-07-27T12:19:31.062Z"}
{"level":"info","message":"Fetching Pixabay API","pixabayApiUrl":"https://pixabay.com/api/videos/?key=56870592-9cd9fcd9ccb8d5e123c67bd18&q=mobile+phone","service":"tts-agent","timestamp":"2026-07-27T12:19:31.062Z"}
{"directVideoUrl":"https://cdn.pixabay.com/video/2024/03/04/202987-919379330_medium.mp4","level":"info","message":"Downloading Pixabay video","service":"tts-agent","timestamp":"2026-07-27T12:19:32.183Z"}
{"level":"info","message":"Running ffmpeg merge","service":"tts-agent","timestamp":"2026-07-27T12:19:32.789Z"}
{"level":"warn","message":"ffmpeg stderr","service":"tts-agent","stderr":"ffmpeg version 8.1.2 Copyright (c) 2000-2026 the FFmpeg developers\n  built with Apple clang version 21.0.0 (clang-2100.0.123.102)\n  configuration: --prefix=/opt/homebrew/Cellar/ffmpeg/8.1.2_1 --enable-shared --enable-pthreads --enable-version3 --cc=clang --host-cflags= --host-ldflags= --enable-ffplay --enable-gpl --enable-libsvtav1 --enable-libopus --enable-libx264 --enable-libmp3lame --enable-libdav1d --enable-libvmaf --enable-libvpx --enable-libx265 --enable-openssl --enable-videotoolbox --ena","timestamp":"2026-07-27T12:19:33.798Z"}
{"level":"info","message":"Merge complete","service":"tts-agent","timestamp":"2026-07-27T12:19:33.800Z","videoUrl":"/merged/6aff0979-540e-472b-b0f6-35bec62e8d51.mp4"}
{"level":"info","message":"Incoming request: POST /api/v1/tts/generate","service":"tts-agent","timestamp":"2026-07-27T12:40:34.708Z"}
{"level":"info","message":"Incoming request: POST /api/v1/merge","service":"tts-agent","timestamp":"2026-07-27T12:40:35.784Z"}
{"level":"info","message":"Fetching Pixabay API","pixabayApiUrl":"https://pixabay.com/api/videos/?key=56870592-9cd9fcd9ccb8d5e123c67bd18&q=X5+smartphone+introduction","service":"tts-agent","timestamp":"2026-07-27T12:40:35.784Z"}
{"directVideoUrl":"https://cdn.pixabay.com/video/2024/03/04/202987-919379330_medium.mp4","level":"info","message":"Downloading Pixabay video","service":"tts-agent","timestamp":"2026-07-27T12:40:41.894Z"}
{"level":"info","message":"Running ffmpeg merge","service":"tts-agent","timestamp":"2026-07-27T12:40:42.414Z"}
{"level":"warn","message":"ffmpeg stderr","service":"tts-agent","stderr":"ffmpeg version 8.1.2 Copyright (c) 2000-2026 the FFmpeg developers\n  built with Apple clang version 21.0.0 (clang-2100.0.123.102)\n  configuration: --prefix=/opt/homebrew/Cellar/ffmpeg/8.1.2_1 --enable-shared --enable-pthreads --enable-version3 --cc=clang --host-cflags= --host-ldflags= --enable-ffplay --enable-gpl --enable-libsvtav1 --enable-libopus --enable-libx264 --enable-libmp3lame --enable-libdav1d --enable-libvmaf --enable-libvpx --enable-libx265 --enable-openssl --enable-videotoolbox --ena","timestamp":"2026-07-27T12:40:52.959Z"}
{"level":"info","message":"Merge complete","service":"tts-agent","timestamp":"2026-07-27T12:40:52.962Z","videoUrl":"/merged/e1ba527d-d9a4-459e-8472-266f5fa76159.mp4"}
{"level":"info","message":"Incoming request: GET /merged/e1ba527d-d9a4-459e-8472-266f5fa76159.mp4","service":"tts-agent","timestamp":"2026-07-27T12:41:31.451Z"}
{"level":"info","message":"Incoming request: GET /merged/e1ba527d-d9a4-459e-8472-266f5fa76159.mp4","service":"tts-agent","timestamp":"2026-07-27T12:41:31.529Z"}
{"level":"info","message":"Incoming request: GET /merged/e1ba527d-d9a4-459e-8472-266f5fa76159.mp4","service":"tts-agent","timestamp":"2026-07-27T12:41:32.020Z"}
{"level":"info","message":"Incoming request: POST /api/v1/tts/generate","service":"tts-agent","timestamp":"2026-07-27T12:45:20.342Z"}
{"level":"info","message":"Incoming request: POST /api/v1/merge","service":"tts-agent","timestamp":"2026-07-27T12:45:21.139Z"}
{"level":"info","message":"Fetching Pixabay API","pixabayApiUrl":"https://pixabay.com/api/videos/?key=56870592-9cd9fcd9ccb8d5e123c67bd18&q=latest%20mobile%20phone","service":"tts-agent","timestamp":"2026-07-27T12:45:21.139Z"}
{"directVideoUrl":"https://cdn.pixabay.com/video/2024/03/04/202987-919379330_medium.mp4","level":"info","message":"Downloading Pixabay video","service":"tts-agent","timestamp":"2026-07-27T12:45:21.794Z"}
{"level":"info","message":"Running ffmpeg merge","service":"tts-agent","timestamp":"2026-07-27T12:45:22.736Z"}
{"level":"warn","message":"ffmpeg stderr","service":"tts-agent","stderr":"ffmpeg version 8.1.2 Copyright (c) 2000-2026 the FFmpeg developers\n  built with Apple clang version 21.0.0 (clang-2100.0.123.102)\n  configuration: --prefix=/opt/homebrew/Cellar/ffmpeg/8.1.2_1 --enable-shared --enable-pthreads --enable-version3 --cc=clang --host-cflags= --host-ldflags= --enable-ffplay --enable-gpl --enable-libsvtav1 --enable-libopus --enable-libx264 --enable-libmp3lame --enable-libdav1d --enable-libvmaf --enable-libvpx --enable-libx265 --enable-openssl --enable-videotoolbox --ena","timestamp":"2026-07-27T12:45:27.152Z"}
{"level":"info","message":"Merge complete","service":"tts-agent","timestamp":"2026-07-27T12:45:27.154Z","videoUrl":"/merged/2dc5cb28-5472-45f6-9baa-92b4c1f19300.mp4"}
{"level":"info","message":"Incoming request: GET /merged/2dc5cb28-5472-45f6-9baa-92b4c1f19300.mp4","service":"tts-agent","timestamp":"2026-07-27T12:46:35.809Z"}
{"level":"info","message":"Incoming request: POST /api/v1/tts/generate","service":"tts-agent","timestamp":"2026-07-27T12:48:14.080Z"}
{"level":"info","message":"Incoming request: POST /api/v1/merge","service":"tts-agent","timestamp":"2026-07-27T12:48:14.906Z"}
{"level":"info","message":"Fetching Pixabay API","pixabayApiUrl":"https://pixabay.com/api/videos/?key=56870592-9cd9fcd9ccb8d5e123c67bd18&q=latestmobilephone%20smartphonetechnology","service":"tts-agent","timestamp":"2026-07-27T12:48:14.917Z"}
{"level":"info","message":"Incoming request: GET /audio/c0175502-647f-4771-853f-1271510ce1fa.m4a","service":"tts-agent","timestamp":"2026-07-27T12:48:21.623Z"}
{"level":"info","message":"Incoming request: GET /health","service":"tts-agent","timestamp":"2026-07-27T12:49:07.696Z"}
{"level":"info","message":"Incoming request: GET /api/v1/health","service":"tts-agent","timestamp":"2026-07-27T12:52:45.511Z"}
{"level":"info","message":"Incoming request: POST /api/v1/merge","service":"tts-agent","timestamp":"2026-07-27T12:52:49.016Z"}
{"level":"info","message":"Incoming request: POST /api/v1/merge","service":"tts-agent","timestamp":"2026-07-27T12:55:06.420Z"}
{"level":"info","message":"Fetching Pixabay API","pixabayApiUrl":"https://pixabay.com/api/videos/?key=56870592-9cd9fcd9ccb8d5e123c67bd18&q=mobile%20phone%20tech","service":"tts-agent","timestamp":"2026-07-27T12:55:06.420Z"}
{"directVideoUrl":"https://cdn.pixabay.com/video/2023/04/14/158918-817813849_medium.mp4","level":"info","message":"Downloading Pixabay video","service":"tts-agent","timestamp":"2026-07-27T12:55:10.535Z"}
{"level":"info","message":"Running ffmpeg merge","service":"tts-agent","timestamp":"2026-07-27T12:55:11.107Z"}
{"level":"warn","message":"ffmpeg stderr","service":"tts-agent","stderr":"ffmpeg version 8.1.2 Copyright (c) 2000-2026 the FFmpeg developers\n  built with Apple clang version 21.0.0 (clang-2100.0.123.102)\n  configuration: --prefix=/opt/homebrew/Cellar/ffmpeg/8.1.2_1 --enable-shared --enable-pthreads --enable-version3 --cc=clang --host-cflags= --host-ldflags= --enable-ffplay --enable-gpl --enable-libsvtav1 --enable-libopus --enable-libx264 --enable-libmp3lame --enable-libdav1d --enable-libvmaf --enable-libvpx --enable-libx265 --enable-openssl --enable-videotoolbox --ena","timestamp":"2026-07-27T12:55:15.274Z"}
{"level":"info","message":"Merge complete","service":"tts-agent","timestamp":"2026-07-27T12:55:15.276Z","videoUrl":"/merged/0e32234b-452f-40f8-9b0d-ccf6faa7ede6.mp4"}
{"level":"info","message":"Incoming request: POST /api/v1/tts/generate","service":"tts-agent","timestamp":"2026-07-27T12:57:55.814Z"}
{"level":"info","message":"Incoming request: POST /api/v1/merge","service":"tts-agent","timestamp":"2026-07-27T12:57:56.720Z"}
{"level":"info","message":"Fetching Pixabay API","pixabayApiUrl":"https://pixabay.com/api/videos/?key=56870592-9cd9fcd9ccb8d5e123c67bd18&q=artificial%20intelligence%20explanation","service":"tts-agent","timestamp":"2026-07-27T12:57:56.720Z"}
{"directVideoUrl":"https://cdn.pixabay.com/video/2023/07/19/172156-846731269_medium.mp4","level":"info","message":"Downloading Pixabay video","service":"tts-agent","timestamp":"2026-07-27T12:57:57.143Z"}
{"level":"info","message":"Running ffmpeg merge","service":"tts-agent","timestamp":"2026-07-27T12:57:57.781Z"}
{"level":"warn","message":"ffmpeg stderr","service":"tts-agent","stderr":"ffmpeg version 8.1.2 Copyright (c) 2000-2026 the FFmpeg developers\n  built with Apple clang version 21.0.0 (clang-2100.0.123.102)\n  configuration: --prefix=/opt/homebrew/Cellar/ffmpeg/8.1.2_1 --enable-shared --enable-pthreads --enable-version3 --cc=clang --host-cflags= --host-ldflags= --enable-ffplay --enable-gpl --enable-libsvtav1 --enable-libopus --enable-libx264 --enable-libmp3lame --enable-libdav1d --enable-libvmaf --enable-libvpx --enable-libx265 --enable-openssl --enable-videotoolbox --ena","timestamp":"2026-07-27T12:58:19.930Z"}
{"level":"info","message":"Merge complete","service":"tts-agent","timestamp":"2026-07-27T12:58:19.933Z","videoUrl":"/merged/974d914e-13b3-4620-bf94-4e732c872364.mp4"}
{"level":"info","message":"Incoming request: GET /merged/974d914e-13b3-4620-bf94-4e732c872364.mp4","service":"tts-agent","timestamp":"2026-07-27T12:58:25.338Z"}
{"level":"info","message":"Jarvis TTS Agent started on port 4000","service":"tts-agent","timestamp":"2026-07-27T12:58:47.571Z"}
{"level":"info","message":"Incoming request: POST /api/v1/merge","service":"tts-agent","timestamp":"2026-07-27T12:58:49.441Z"}
{"fallback":"technology","level":"info","message":"Pixabay returned 0 hits, trying fallback query","originalQuery":"nonexistentquerythathasnovideos","service":"tts-agent","timestamp":"2026-07-27T12:58:50.073Z"}
{"directVideoUrl":"https://cdn.pixabay.com/video/2016/01/29/1992-153555258_medium.mp4","level":"info","message":"Downloading Pixabay video","service":"tts-agent","timestamp":"2026-07-27T12:58:50.994Z"}
{"level":"info","message":"Running ffmpeg merge","service":"tts-agent","timestamp":"2026-07-27T12:58:52.186Z"}
{"level":"warn","message":"ffmpeg stderr","service":"tts-agent","stderr":"ffmpeg version 8.1.2 Copyright (c) 2000-2026 the FFmpeg developers\n  built with Apple clang version 21.0.0 (clang-2100.0.123.102)\n  configuration: --prefix=/opt/homebrew/Cellar/ffmpeg/8.1.2_1 --enable-shared --enable-pthreads --enable-version3 --cc=clang --host-cflags= --host-ldflags= --enable-ffplay --enable-gpl --enable-libsvtav1 --enable-libopus --enable-libx264 --enable-libmp3lame --enable-libdav1d --enable-libvmaf --enable-libvpx --enable-libx265 --enable-openssl --enable-videotoolbox --ena","timestamp":"2026-07-27T12:58:58.862Z"}
{"level":"info","message":"Merge complete","service":"tts-agent","timestamp":"2026-07-27T12:58:58.865Z","videoUrl":"/merged/d1922a58-6ac3-4f79-9ba0-cb9a682775ad.mp4"}
{"level":"info","message":"Jarvis TTS Agent started on port 4000","service":"tts-agent","timestamp":"2026-07-27T12:59:42.565Z"}
{"level":"info","message":"Incoming request: POST /api/v1/merge","service":"tts-agent","timestamp":"2026-07-27T12:59:48.607Z"}
{"fallback":"technology","level":"info","message":"Pixabay returned 0 hits, trying fallback query","originalQuery":"nonexistentquerythathasnovideos","service":"tts-agent","timestamp":"2026-07-27T12:59:49.205Z"}
{"directVideoUrl":"https://cdn.pixabay.com/video/2016/01/29/1992-153555258_medium.mp4","level":"info","message":"Downloading Pixabay video","service":"tts-agent","timestamp":"2026-07-27T12:59:49.727Z"}
{"level":"info","message":"Running ffmpeg merge","service":"tts-agent","timestamp":"2026-07-27T12:59:50.435Z"}
{"level":"warn","message":"ffmpeg stderr","service":"tts-agent","stderr":"ffmpeg version 8.1.2 Copyright (c) 2000-2026 the FFmpeg developers\n  built with Apple clang version 21.0.0 (clang-2100.0.123.102)\n  configuration: --prefix=/opt/homebrew/Cellar/ffmpeg/8.1.2_1 --enable-shared --enable-pthreads --enable-version3 --cc=clang --host-cflags= --host-ldflags= --enable-ffplay --enable-gpl --enable-libsvtav1 --enable-libopus --enable-libx264 --enable-libmp3lame --enable-libdav1d --enable-libvmaf --enable-libvpx --enable-libx265 --enable-openssl --enable-videotoolbox --ena","timestamp":"2026-07-27T12:59:57.033Z"}
{"level":"info","message":"Merge complete","service":"tts-agent","timestamp":"2026-07-27T12:59:57.036Z","videoUrl":"/merged/77ca4e4a-2d89-459e-9edc-0f9268ccfeb5.mp4"}
{"level":"info","message":"Incoming request: POST /api/v1/tts/generate","service":"tts-agent","timestamp":"2026-07-27T13:07:43.428Z"}
{"level":"info","message":"Incoming request: POST /api/v1/merge","service":"tts-agent","timestamp":"2026-07-27T13:07:44.276Z"}
{"directVideoUrl":"https://cdn.pixabay.com/video/2016/09/21/5398-183786939_medium.mp4","level":"info","message":"Downloading Pixabay video","service":"tts-agent","timestamp":"2026-07-27T13:07:45.228Z"}
{"level":"info","message":"Running ffmpeg merge","service":"tts-agent","timestamp":"2026-07-27T13:07:45.774Z"}
{"level":"warn","message":"ffmpeg stderr","service":"tts-agent","stderr":"ffmpeg version 8.1.2 Copyright (c) 2000-2026 the FFmpeg developers\n  built with Apple clang version 21.0.0 (clang-2100.0.123.102)\n  configuration: --prefix=/opt/homebrew/Cellar/ffmpeg/8.1.2_1 --enable-shared --enable-pthreads --enable-version3 --cc=clang --host-cflags= --host-ldflags= --enable-ffplay --enable-gpl --enable-libsvtav1 --enable-libopus --enable-libx264 --enable-libmp3lame --enable-libdav1d --enable-libvmaf --enable-libvpx --enable-libx265 --enable-openssl --enable-videotoolbox --ena","timestamp":"2026-07-27T13:07:50.381Z"}
{"level":"info","message":"Merge complete","service":"tts-agent","timestamp":"2026-07-27T13:07:50.381Z","videoUrl":"/merged/90ad5667-6934-4fd4-98d5-73da55f6afd4.mp4"}
{"level":"info","message":"Incoming request: GET /merged/90ad5667-6934-4fd4-98d5-73da55f6afd4.mp4","service":"tts-agent","timestamp":"2026-07-27T13:07:55.797Z"}
{"level":"info","message":"Incoming request: GET /api/v1/tts/health","service":"tts-agent","timestamp":"2026-07-27T13:21:36.717Z"}
{"level":"info","message":"Incoming request: POST /api/v1/tts/generate","service":"tts-agent","timestamp":"2026-07-27T13:21:40.683Z"}
{"level":"info","message":"Incoming request: POST /api/v1/merge","service":"tts-agent","timestamp":"2026-07-27T13:22:12.878Z"}
{"directVideoUrl":"https://cdn.pixabay.com/video/2024/03/12/203987-923133879_medium.mp4","level":"info","message":"Downloading Pixabay video","service":"tts-agent","timestamp":"2026-07-27T13:22:13.488Z"}
{"level":"info","message":"Running ffmpeg merge","service":"tts-agent","timestamp":"2026-07-27T13:22:13.653Z"}
{"level":"warn","message":"ffmpeg stderr","service":"tts-agent","stderr":"ffmpeg version 8.1.2 Copyright (c) 2000-2026 the FFmpeg developers\n  built with Apple clang version 21.0.0 (clang-2100.0.123.102)\n  configuration: --prefix=/opt/homebrew/Cellar/ffmpeg/8.1.2_1 --enable-shared --enable-pthreads --enable-version3 --cc=clang --host-cflags= --host-ldflags= --enable-ffplay --enable-gpl --enable-libsvtav1 --enable-libopus --enable-libx264 --enable-libmp3lame --enable-libdav1d --enable-libvmaf --enable-libvpx --enable-libx265 --enable-openssl --enable-videotoolbox --ena","timestamp":"2026-07-27T13:22:14.004Z"}
{"level":"info","message":"Merge complete","service":"tts-agent","timestamp":"2026-07-27T13:22:14.005Z","videoUrl":"/merged/e20f1485-d218-4d35-b5cc-e9c83f90c7ff.mp4"}
{"level":"info","message":"Incoming request: POST /api/v1/tts/generate","service":"tts-agent","timestamp":"2026-07-27T13:25:53.200Z"}
{"level":"info","message":"Incoming request: POST /api/v1/merge","service":"tts-agent","timestamp":"2026-07-27T13:25:54.011Z"}
{"directVideoUrl":"https://cdn.pixabay.com/video/2023/10/01/183107-870151708_medium.mp4","level":"info","message":"Downloading Pixabay video","service":"tts-agent","timestamp":"2026-07-27T13:25:54.475Z"}
{"level":"info","message":"Running ffmpeg merge","service":"tts-agent","timestamp":"2026-07-27T13:25:55.958Z"}
{"level":"warn","message":"ffmpeg stderr","service":"tts-agent","stderr":"ffmpeg version 8.1.2 Copyright (c) 2000-2026 the FFmpeg developers\n  built with Apple clang version 21.0.0 (clang-2100.0.123.102)\n  configuration: --prefix=/opt/homebrew/Cellar/ffmpeg/8.1.2_1 --enable-shared --enable-pthreads --enable-version3 --cc=clang --host-cflags= --host-ldflags= --enable-ffplay --enable-gpl --enable-libsvtav1 --enable-libopus --enable-libx264 --enable-libmp3lame --enable-libdav1d --enable-libvmaf --enable-libvpx --enable-libx265 --enable-openssl --enable-videotoolbox --ena","timestamp":"2026-07-27T13:25:58.365Z"}
{"level":"info","message":"Merge complete","service":"tts-agent","timestamp":"2026-07-27T13:25:58.367Z","videoUrl":"/merged/bd281aa1-55d4-49e0-8463-6b2f5fad0abe.mp4"}
{"level":"info","message":"Incoming request: GET /audio/32980d3d-99b4-4dff-86da-5200ed6712ba.m4a","service":"tts-agent","timestamp":"2026-07-27T13:26:28.916Z"}
{"level":"info","message":"Incoming request: GET /merged/bd281aa1-55d4-49e0-8463-6b2f5fad0abe.mp4","service":"tts-agent","timestamp":"2026-07-27T13:26:28.951Z"}
{"level":"info","message":"Incoming request: POST /api/v1/tts/generate","service":"tts-agent","timestamp":"2026-07-27T13:30:22.204Z"}
{"level":"info","message":"Incoming request: POST /api/v1/merge","service":"tts-agent","timestamp":"2026-07-27T13:30:23.018Z"}
{"directVideoUrl":"https://cdn.pixabay.com/video/2023/01/09/145864-787701151_medium.mp4","level":"info","message":"Downloading Pixabay video","service":"tts-agent","timestamp":"2026-07-27T13:30:23.699Z"}
{"level":"info","message":"Running ffmpeg merge","service":"tts-agent","timestamp":"2026-07-27T13:30:24.419Z"}
{"level":"warn","message":"ffmpeg stderr","service":"tts-agent","stderr":"ffmpeg version 8.1.2 Copyright (c) 2000-2026 the FFmpeg developers\n  built with Apple clang version 21.0.0 (clang-2100.0.123.102)\n  configuration: --prefix=/opt/homebrew/Cellar/ffmpeg/8.1.2_1 --enable-shared --enable-pthreads --enable-version3 --cc=clang --host-cflags= --host-ldflags= --enable-ffplay --enable-gpl --enable-libsvtav1 --enable-libopus --enable-libx264 --enable-libmp3lame --enable-libdav1d --enable-libvmaf --enable-libvpx --enable-libx265 --enable-openssl --enable-videotoolbox --ena","timestamp":"2026-07-27T13:30:26.450Z"}
{"level":"info","message":"Merge complete","service":"tts-agent","timestamp":"2026-07-27T13:30:26.450Z","videoUrl":"/merged/76cf425f-6d48-46d0-8d70-4c87e24a90ec.mp4"}
{"level":"info","message":"Incoming request: GET /merged/76cf425f-6d48-46d0-8d70-4c87e24a90ec.mp4","service":"tts-agent","timestamp":"2026-07-27T13:30:32.632Z"}
{"level":"info","message":"Incoming request: POST /api/v1/tts/generate","service":"tts-agent","timestamp":"2026-07-27T13:34:23.568Z"}
{"level":"info","message":"Incoming request: GET /audio/246af682-250f-4b09-8de8-89c6dc1aa4a1.m4a","service":"tts-agent","timestamp":"2026-07-27T13:34:32.941Z"}
{"level":"info","message":"Incoming request: POST /api/v1/tts/generate","service":"tts-agent","timestamp":"2026-07-27T13:37:40.837Z"}
{"level":"info","message":"Incoming request: POST /api/v1/merge","service":"tts-agent","timestamp":"2026-07-27T13:37:41.743Z"}
{"directVideoUrl":"https://cdn.pixabay.com/video/2023/01/09/145864-787701151_medium.mp4","level":"info","message":"Downloading Pixabay video","service":"tts-agent","timestamp":"2026-07-27T13:37:42.296Z"}
{"level":"info","message":"Running ffmpeg merge","service":"tts-agent","timestamp":"2026-07-27T13:37:46.888Z"}
{"level":"warn","message":"ffmpeg stderr","service":"tts-agent","stderr":"ffmpeg version 8.1.2 Copyright (c) 2000-2026 the FFmpeg developers\n  built with Apple clang version 21.0.0 (clang-2100.0.123.102)\n  configuration: --prefix=/opt/homebrew/Cellar/ffmpeg/8.1.2_1 --enable-shared --enable-pthreads --enable-version3 --cc=clang --host-cflags= --host-ldflags= --enable-ffplay --enable-gpl --enable-libsvtav1 --enable-libopus --enable-libx264 --enable-libmp3lame --enable-libdav1d --enable-libvmaf --enable-libvpx --enable-libx265 --enable-openssl --enable-videotoolbox --ena","timestamp":"2026-07-27T13:37:51.350Z"}
{"level":"info","message":"Merge complete","service":"tts-agent","timestamp":"2026-07-27T13:37:51.350Z","videoUrl":"/merged/7de37642-c262-4189-9610-03d81a0ba0d9.mp4"}
{"level":"info","message":"Incoming request: GET /audio/65cb934e-9565-47ba-afb5-bea0b94de93c.m4a","service":"tts-agent","timestamp":"2026-07-27T13:37:57.990Z"}
{"level":"info","message":"Incoming request: GET /merged/7de37642-c262-4189-9610-03d81a0ba0d9.mp4","service":"tts-agent","timestamp":"2026-07-27T13:37:58.008Z"}
{"level":"info","message":"Incoming request: GET /merged/7de37642-c262-4189-9610-03d81a0ba0d9.mp4","service":"tts-agent","timestamp":"2026-07-27T13:38:27.438Z"}
{"level":"info","message":"Incoming request: POST /api/v1/tts/generate","service":"tts-agent","timestamp":"2026-07-27T13:40:56.074Z"}
{"level":"info","message":"Incoming request: GET /audio/41bd047c-d024-4739-8803-8d29f6d2e2f0.m4a","service":"tts-agent","timestamp":"2026-07-27T13:41:05.525Z"}
